// Jest Snapshot v1, https://goo.gl/fbAQLP

exports[`Settings renders with strange characters in display name 1`] = `
<div>
  <div
    class="sc-jcFjpl dGRjld"
    id="db-settings"
  >
    <h4
      class="sc-caiLqq cyRtwL"
    >
      Browser Settings
    </h4>
    <div
      class="sc-jObWnj ooAfz"
    >
      <div
        class="sc-efQSVx crwSrw"
      >
        <div
          class="sc-cTAqQK iafBwP"
        >
          <h5
            class="sc-iAKWXU htnGme"
          >
            Test åäö settings
          </h5>
          <div
            class="sc-AjmGg eOOrpz"
          >
            <label
              class="sc-khQegj fYluEt"
              title=""
            >
              åäö üüü
              <input
                class="sc-jgrJph byWXmr testSetting"
                data-testid="setting-testSetting"
                title=""
                value="true"
              />
            </label>
          </div>
          <h5
            class="sc-iAKWXU htnGme"
          >
            Product Analytics
          </h5>
        </div>
        <div
          class="sc-cTAqQK iafBwP"
        />
      </div>
    </div>
  </div>
</div>
`;
